
You need to trace the abnormal program to resolve project issues and submit pull requests.
Now you need to reolve the following issue in the **scikit-learn** project:
## ISSUE
<ISSUE>
CountVectorizer's get_feature_names raise not NotFittedError when the vocabulary parameter is provided
If you initialize a `CounterVectorizer` and try to perform a transformation without training you will get a `NotFittedError` exception.

```python
In [1]: from sklearn.feature_extraction.text import CountVectorizer
In [2]: vectorizer = CountVectorizer()
In [3]: corpus = [
    ...:     'This is the first document.',
    ...:     'This is the second second document.',
    ...:     'And the third one.',
    ...:     'Is this the first document?',
    ...: ]

In [4]: vectorizer.transform(corpus)
NotFittedError: CountVectorizer - Vocabulary wasn't fitted.
```
On the other hand if you provide the `vocabulary` at the initialization of the vectorizer you could transform a corpus without a prior training, right?

```python
In [1]: from sklearn.feature_extraction.text import CountVectorizer

In [2]: vectorizer = CountVectorizer()

In [3]: corpus = [
    ...:     'This is the first document.',
    ...:     'This is the second second document.',
    ...:     'And the third one.',
    ...:     'Is this the first document?',
    ...: ]

In [4]: vocabulary = ['and', 'document', 'first', 'is', 'one', 'second', 'the', 'third', 'this']

In [5]: vectorizer = CountVectorizer(vocabulary=vocabulary)

In [6]: hasattr(vectorizer, "vocabulary_")
Out[6]: False

In [7]: vectorizer.get_feature_names()
NotFittedError: CountVectorizer - Vocabulary wasn't fitted.

In [8]: vectorizer.transform(corpus)
Out[8]:
<4x9 sparse matrix of type '<class 'numpy.int64'>'
        with 19 stored elements in Compressed Sparse Row format>

In [9]: hasattr(vectorizer, "vocabulary_")
Out[9]: True
```

The `CountVectorizer`'s `transform` calls `_validate_vocabulary` method which sets the `vocabulary_` instance variable.

In the same manner I believe that the `get_feature_names` method should not raise `NotFittedError` if the vocabulary parameter is provided but the vectorizer has not been trained.


</ISSUE>


Based on this issue, the testing agent has generated a reproducible test:
import traceback
import sys
from sklearn.feature_extraction.text import CountVectorizer

def print_stacktrace(e: Exception):
    tb = traceback.extract_tb(e.__traceback__)
    print("Traceback (most recent call last):", file=sys.stderr)
    for frame in tb:
        line_number = frame.lineno
        code_context = frame.line.strip() if frame.line else "Unknown"
        print(f'  File "{frame.filename}"', file=sys.stderr)
        print(f"    {line_number}: {code_context}", file=sys.stderr)
    print(f"{e.__class__.__name__}: {e}", file=sys.stderr)

def main():
    corpus = [
        'This is the first document.',
        'This is the second second document.',
        'And the third one.',
        'Is this the first document?',
    ]
    vocabulary = ['and', 'document', 'first', 'is', 'one', 'second', 'the', 'third', 'this']
    
    vectorizer = CountVectorizer(vocabulary=vocabulary)
    
    try:
        # This should not raise an error as per the expectation, but it does
        feature_names = vectorizer.get_feature_names()
        print("Feature names:", feature_names)
        # If the above line does not raise an error, the issue is fixed
        print("The issue is fixed.")
        sys.exit(0)
    except Exception as e:
        print_stacktrace(e)
        assert False, "get_feature_names() raised an exception when it should not have"

if __name__ == "__main__":
    main()


This is the tracing and analysis history:

==================================================
The issue stems from the behavior of the `get_feature_names` method in the `CountVectorizer` class when a vocabulary is explicitly provided during initialization. When the vocabulary parameter is given, the `vocabulary_` attribute should be considered as set, allowing `get_feature_names` to return the feature names without raising a `NotFittedError`.

Analyzing the runtime information and the traceback suggests that the call to `self._check_vocabulary()` within the `get_feature_names` method checks for the existence of the `vocabulary_` attribute. However, the `vocabulary_` attribute seems not to be set until after a `transform` operation is performed, even if a vocabulary is supplied during initialization.

Let's trace the method call further to pinpoint why the vocabulary-related logic is insufficient when manually setting a vocabulary. 

Observed method: `sklearn/feature_extraction/text.py:CountVectorizer._check_vocabulary`
==================================================
The current issue arises because the `get_feature_names` method raises a `NotFittedError` when the `vocabulary` is provided at initialization, even though theoretically it should have been considered "fitted". 

In the method `VectorizerMixin._check_vocabulary`, we see that it uses `check_is_fitted(self, 'vocabulary_')` to ensure that the vectorizer is considered fitted. However, if a vocabulary is provided directly, this method will still fail unless something like `transform` is called beforehand, which sets the `vocabulary_` attribute. Normally, when a vocabulary is provided at initialization, the `vocabulary_` should be set directly.

To resolve this, we need to ensure that when a vocabulary is provided during initialization, the `vocabulary_` attribute should be set immediately, thereby considering the vectorizer as fitted.

Given the information and the analysis, it seems the potential adjustment should occur during the initialization or directly in methods that set the vocabulary.

I would like to further inspect the initialization process in the `CountVectorizer` class to verify if the vocabulary is properly set when provided. This would include where the vocabulary is assigned and how attributes like `vocabulary_` are handled.

Let's trace the initialization process. I would like to observe:

Observed scope: `sklearn/feature_extraction/text.py:210-250`
==================================================
The current traceback suggests that the problem originates from the `_check_vocabulary` method in the `VectorizerMixin` class. The runtime error indicates that `check_is_fitted(self, 'vocabulary_')` fails because the `vocabulary_` attribute is not considered to be set, even though a `vocabulary` was provided during initialization.

To resolve this issue, it would be necessary to delve deeper into how the `vocabulary_` attribute is managed during the initialization process of `CountVectorizer`. This involves ensuring that when the `vocabulary` parameter is given, the `vocabulary_` attribute should be properly assigned, which would prevent the `NotFittedError`.

Based on the analysis, I need to trace the initialization process in the `CountVectorizer` class to determine where and why `vocabulary_` is not assigned properly.

Observed method: `sklearn/feature_extraction/text.py:CountVectorizer.__init__`
==================================================


Now you choose downstream method CountVectorizer.__init__ to further observe, tracing the abnormal program behavior.
This is the method code:
   709	    def __init__(self, input='content', encoding='utf-8',
   710	                 decode_error='strict', strip_accents=None,
   711	                 lowercase=True, preprocessor=None, tokenizer=None,
   712	                 stop_words=None, token_pattern=r"(?u)\b\w\w+\b",
   713	                 ngram_range=(1, 1), analyzer='word',
   714	                 max_df=1.0, min_df=1, max_features=None,
   715	                 vocabulary=None, binary=False, dtype=np.int64):
   716	        self.input = input
   717	        self.encoding = encoding
   718	        self.decode_error = decode_error
   719	        self.strip_accents = strip_accents
   720	        self.preprocessor = preprocessor
   721	        self.tokenizer = tokenizer
   722	        self.analyzer = analyzer
   723	        self.lowercase = lowercase
   724	        self.token_pattern = token_pattern
   725	        self.stop_words = stop_words
   726	        self.max_df = max_df
   727	        self.min_df = min_df
   728	        if max_df < 0 or min_df < 0:
   729	            raise ValueError("negative value for max_df or min_df")
   730	        self.max_features = max_features
   731	        if max_features is not None:
   732	            if (not isinstance(max_features, numbers.Integral) or
   733	                    max_features <= 0):
   734	                raise ValueError(
   735	                    "max_features=%r, neither a positive integer nor None"
   736	                    % max_features)
   737	        self.ngram_range = ngram_range
   738	        self.vocabulary = vocabulary
   739	        self.binary = binary
   740	        self.dtype = dtype


This is the runtime information of CountVectorizer.__init__:

Error occurred during script execution:get_feature_names() raised an exception when it should not have

Source path:... /data/swe-fl/TMP/testbed/scikit-learn__scikit-learn-10908/sklearn/feature_extraction/text.py
New var:....... __module__ = 'sklearn.feature_extraction.text'
New var:....... __qualname__ = 'CountVectorizer'
New var:....... __doc__ = 'Convert a collection of text documents to a mat...ng delattr or set to None before pickling.\n    '
 line       709     def __init__(self, input='content', encoding='utf-8',
 line       710                  decode_error='strict', strip_accents=None,
 line       711                  lowercase=True, preprocessor=None, tokenizer=None,
 line       712                  stop_words=None, token_pattern=r"(?u)\b\w\w+\b",
 line       713                  ngram_range=(1, 1), analyzer='word',
 line       714                  max_df=1.0, min_df=1, max_features=None,
 line       715                  vocabulary=None, binary=False, dtype=np.int64):
Starting var:.. self = CountVectorizer(analyzer=None, binary=None, deco...en_pattern=None, tokenizer=None, vocabulary=None)
Starting var:.. input = 'content'
Starting var:.. encoding = 'utf-8'
Starting var:.. decode_error = 'strict'
Starting var:.. strip_accents = None
Starting var:.. lowercase = True
Starting var:.. preprocessor = None
Starting var:.. tokenizer = None
Starting var:.. stop_words = None
Starting var:.. token_pattern = '(?u)\\b\\w\\w+\\b'
Starting var:.. ngram_range = (1, 1)
Starting var:.. analyzer = 'word'
Starting var:.. max_df = 1.0
Starting var:.. min_df = 1
Starting var:.. max_features = None
Starting var:.. vocabulary = ['and', 'document', 'first', 'is', 'one', 'second', 'the', 'third', 'this']
Starting var:.. binary = False
Starting var:.. dtype = <class 'numpy.int64'>
 call       709     def __init__(self, input='content', encoding='utf-8',
 line       716         self.input = input
 line       717         self.encoding = encoding
 line       718         self.decode_error = decode_error
 line       719         self.strip_accents = strip_accents
 line       720         self.preprocessor = preprocessor
 line       721         self.tokenizer = tokenizer
 line       722         self.analyzer = analyzer
Modified var:.. self = CountVectorizer(analyzer='word', binary=None, de...en_pattern=None, tokenizer=None, vocabulary=None)
 line       723         self.lowercase = lowercase
 line       724         self.token_pattern = token_pattern
Modified var:.. self = CountVectorizer(analyzer='word', binary=None, de...)\\b\\w\\w+\\b', tokenizer=None, vocabulary=None)
 line       725         self.stop_words = stop_words
 line       726         self.max_df = max_df
 line       727         self.min_df = min_df
 line       728         if max_df < 0 or min_df < 0:
 line       730         self.max_features = max_features
 line       731         if max_features is not None:
 line       737         self.ngram_range = ngram_range
 line       738         self.vocabulary = vocabulary
Modified var:.. self = CountVectorizer(analyzer='word', binary=None, de..., 'is', 'one', 'second', 'the', 'third', 'this'])
 line       739         self.binary = binary
Modified var:.. self = CountVectorizer(analyzer='word', binary=False, d..., 'is', 'one', 'second', 'the', 'third', 'this'])
 line       740         self.dtype = dtype
 return     740         self.dtype = dtype
Return value:.. None
Traceback (most recent call last):
  File "/data/swe-fl/TMP/testbed/scikit-learn__scikit-learn-10908/reproduce.py"
    28: feature_names = vectorizer.get_feature_names()
  File "/data/swe-fl/TMP/testbed/scikit-learn__scikit-learn-10908/sklearn/feature_extraction/text.py"
    996: self._check_vocabulary()
  File "/data/swe-fl/TMP/testbed/scikit-learn__scikit-learn-10908/sklearn/feature_extraction/text.py"
    304: check_is_fitted(self, 'vocabulary_', msg=msg),
  File "/data/swe-fl/TMP/testbed/scikit-learn__scikit-learn-10908/sklearn/utils/validation.py"
    860: raise NotFittedError(msg % {'name': type(estimator).__name__})
NotFittedError: CountVectorizer - Vocabulary wasn't fitted.
Traceback (most recent call last):
  File "/data/swe-fl/TMP/testbed/scikit-learn__scikit-learn-10908/reproduce.py", line 28, in main
    feature_names = vectorizer.get_feature_names()
  File "/data/swe-fl/TMP/testbed/scikit-learn__scikit-learn-10908/sklearn/feature_extraction/text.py", line 996, in get_feature_names
    self._check_vocabulary()
  File "/data/swe-fl/TMP/testbed/scikit-learn__scikit-learn-10908/sklearn/feature_extraction/text.py", line 304, in _check_vocabulary
    check_is_fitted(self, 'vocabulary_', msg=msg),
  File "/data/swe-fl/TMP/testbed/scikit-learn__scikit-learn-10908/sklearn/utils/validation.py", line 860, in check_is_fitted
    raise NotFittedError(msg % {'name': type(estimator).__name__})
sklearn.exceptions.NotFittedError: CountVectorizer - Vocabulary wasn't fitted.

During handling of the above exception, another exception occurred:

Traceback (most recent call last):
  File "run_debugging_test.py", line 17, in debugging_test_execution_wrapper
    wrapped_execute()
  File "/data/swe-fl/SRC/pysnooper_axel/dbgsnooper/dbgsnooper/tracer.py", line 335, in simple_wrapper
    return function(*args, **kwargs)
  File "run_debugging_test.py", line 15, in wrapped_execute
    runpy.run_path(test_path, run_name="__main__")
  File "/root/miniforge3/envs/scikit-learn__scikit-learn__0.20/lib/python3.6/runpy.py", line 263, in run_path
    pkg_name=pkg_name, script_name=fname)
  File "/root/miniforge3/envs/scikit-learn__scikit-learn__0.20/lib/python3.6/runpy.py", line 96, in _run_module_code
    mod_name, mod_spec, pkg_name, script_name)
  File "/root/miniforge3/envs/scikit-learn__scikit-learn__0.20/lib/python3.6/runpy.py", line 85, in _run_code
    exec(code, run_globals)
  File "/data/swe-fl/TMP/testbed/scikit-learn__scikit-learn-10908/reproduce.py", line 38, in <module>
    main()
  File "/data/swe-fl/TMP/testbed/scikit-learn__scikit-learn-10908/reproduce.py", line 35, in main
    assert False, "get_feature_names() raised an exception when it should not have"
AssertionError: get_feature_names() raised an exception when it should not have



You need to trace the abnormal program behavior step by step to identify the root cause of the bug and locate the buggy method that contains the code to be fixed.
Now, please first analyze the current observed code and the abnormal program behavior. 

Then, if you can already locate the buggy method and buggy code, reply with:
Buggy method: `{FILE_PATH}:{METHOD_NAME}`
Otherwise, continue tracing by telling me the code line scope that you want to deeper observe, we will show you the deeper downstream run-time information of the scope you select. Please reply with:
Observed scope: `{FILE_PATH}:{START_LOC}-{END_LOC}`
Note that {FILE_PATH} refers to the path relative to the repository.

