
You need to trace the abnormal program to resolve project issues and submit pull requests.
Now you need to reolve the following issue in the **scikit-learn** project:
## ISSUE
<ISSUE>
CountVectorizer's get_feature_names raise not NotFittedError when the vocabulary parameter is provided
If you initialize a `CounterVectorizer` and try to perform a transformation without training you will get a `NotFittedError` exception.

```python
In [1]: from sklearn.feature_extraction.text import CountVectorizer
In [2]: vectorizer = CountVectorizer()
In [3]: corpus = [
    ...:     'This is the first document.',
    ...:     'This is the second second document.',
    ...:     'And the third one.',
    ...:     'Is this the first document?',
    ...: ]

In [4]: vectorizer.transform(corpus)
NotFittedError: CountVectorizer - Vocabulary wasn't fitted.
```
On the other hand if you provide the `vocabulary` at the initialization of the vectorizer you could transform a corpus without a prior training, right?

```python
In [1]: from sklearn.feature_extraction.text import CountVectorizer

In [2]: vectorizer = CountVectorizer()

In [3]: corpus = [
    ...:     'This is the first document.',
    ...:     'This is the second second document.',
    ...:     'And the third one.',
    ...:     'Is this the first document?',
    ...: ]

In [4]: vocabulary = ['and', 'document', 'first', 'is', 'one', 'second', 'the', 'third', 'this']

In [5]: vectorizer = CountVectorizer(vocabulary=vocabulary)

In [6]: hasattr(vectorizer, "vocabulary_")
Out[6]: False

In [7]: vectorizer.get_feature_names()
NotFittedError: CountVectorizer - Vocabulary wasn't fitted.

In [8]: vectorizer.transform(corpus)
Out[8]:
<4x9 sparse matrix of type '<class 'numpy.int64'>'
        with 19 stored elements in Compressed Sparse Row format>

In [9]: hasattr(vectorizer, "vocabulary_")
Out[9]: True
```

The `CountVectorizer`'s `transform` calls `_validate_vocabulary` method which sets the `vocabulary_` instance variable.

In the same manner I believe that the `get_feature_names` method should not raise `NotFittedError` if the vocabulary parameter is provided but the vectorizer has not been trained.


</ISSUE>


Based on this issue, the testing agent has generated a reproducible test:
import traceback
import sys
from sklearn.feature_extraction.text import CountVectorizer

def print_stacktrace(e: Exception):
    tb = traceback.extract_tb(e.__traceback__)
    print("Traceback (most recent call last):", file=sys.stderr)
    for frame in tb:
        line_number = frame.lineno
        code_context = frame.line.strip() if frame.line else "Unknown"
        print(f'  File "{frame.filename}"', file=sys.stderr)
        print(f"    {line_number}: {code_context}", file=sys.stderr)
    print(f"{e.__class__.__name__}: {e}", file=sys.stderr)

def main():
    corpus = [
        'This is the first document.',
        'This is the second second document.',
        'And the third one.',
        'Is this the first document?',
    ]
    vocabulary = ['and', 'document', 'first', 'is', 'one', 'second', 'the', 'third', 'this']
    
    vectorizer = CountVectorizer(vocabulary=vocabulary)
    
    try:
        # This should not raise an error as per the expectation, but it does
        feature_names = vectorizer.get_feature_names()
        print("Feature names:", feature_names)
        # If the above line does not raise an error, the issue is fixed
        print("The issue is fixed.")
        sys.exit(0)
    except Exception as e:
        print_stacktrace(e)
        assert False, "get_feature_names() raised an exception when it should not have"

if __name__ == "__main__":
    main()


This is the tracing and analysis history:

==================================================
The issue stems from the behavior of the `get_feature_names` method in the `CountVectorizer` class when a vocabulary is explicitly provided during initialization. When the vocabulary parameter is given, the `vocabulary_` attribute should be considered as set, allowing `get_feature_names` to return the feature names without raising a `NotFittedError`.

Analyzing the runtime information and the traceback suggests that the call to `self._check_vocabulary()` within the `get_feature_names` method checks for the existence of the `vocabulary_` attribute. However, the `vocabulary_` attribute seems not to be set until after a `transform` operation is performed, even if a vocabulary is supplied during initialization.

Let's trace the method call further to pinpoint why the vocabulary-related logic is insufficient when manually setting a vocabulary. 

Observed method: `sklearn/feature_extraction/text.py:CountVectorizer._check_vocabulary`
==================================================
The current issue arises because the `get_feature_names` method raises a `NotFittedError` when the `vocabulary` is provided at initialization, even though theoretically it should have been considered "fitted". 

In the method `VectorizerMixin._check_vocabulary`, we see that it uses `check_is_fitted(self, 'vocabulary_')` to ensure that the vectorizer is considered fitted. However, if a vocabulary is provided directly, this method will still fail unless something like `transform` is called beforehand, which sets the `vocabulary_` attribute. Normally, when a vocabulary is provided at initialization, the `vocabulary_` should be set directly.

To resolve this, we need to ensure that when a vocabulary is provided during initialization, the `vocabulary_` attribute should be set immediately, thereby considering the vectorizer as fitted.

Given the information and the analysis, it seems the potential adjustment should occur during the initialization or directly in methods that set the vocabulary.

I would like to further inspect the initialization process in the `CountVectorizer` class to verify if the vocabulary is properly set when provided. This would include where the vocabulary is assigned and how attributes like `vocabulary_` are handled.

Let's trace the initialization process. I would like to observe:

Observed scope: `sklearn/feature_extraction/text.py:210-250`
==================================================
The current traceback suggests that the problem originates from the `_check_vocabulary` method in the `VectorizerMixin` class. The runtime error indicates that `check_is_fitted(self, 'vocabulary_')` fails because the `vocabulary_` attribute is not considered to be set, even though a `vocabulary` was provided during initialization.

To resolve this issue, it would be necessary to delve deeper into how the `vocabulary_` attribute is managed during the initialization process of `CountVectorizer`. This involves ensuring that when the `vocabulary` parameter is given, the `vocabulary_` attribute should be properly assigned, which would prevent the `NotFittedError`.

Based on the analysis, I need to trace the initialization process in the `CountVectorizer` class to determine where and why `vocabulary_` is not assigned properly.

Observed method: `sklearn/feature_extraction/text.py:CountVectorizer.__init__`
==================================================
From the analysis performed so far, we know that the issue occurs because the `get_feature_names` method raises a `NotFittedError` when the vocabulary is provided at initialization. The observation of `CountVectorizer.__init__` shows that the `vocabulary` parameter, when provided, does get assigned to `self.vocabulary` but not immediately to `self.vocabulary_`. This is why the `check_is_fitted(self, 'vocabulary_')` check fails in `_check_vocabulary`.

The issue likely lies in the method responsible for setting or validating the vocabulary properly, especially when provided directly. Since no code presently links the `vocabulary` parameter directly to `vocabulary_` during initialization, it seems evident that the setup or transformation method might be not considering the vocabulary parameter fully as intended.

Based on this analysis, our next step should be to trace the method where the vocabulary should be validated or where `vocabulary_` should be assigned, just after initialization if `vocabulary` is provided.

To locate the underlying problem, I should check the method that handles vocabulary validation or checking logic, typically during the vectorizer operations (like fitting or transformation), apart from initialization. Considering the traceback, `_check_vocabulary` is crucial as it checks for the `vocabulary_`. Therefore, I want to ensure that vocabulary setup covers cases where it's provided directly.

Observed scope: `sklearn/feature_extraction/text.py:300-320`
==================================================


Now you choose CountVectorizer.__init__'s code snippet 
   300	
   301	    def _check_vocabulary(self):
   302	        """Check if vocabulary is empty or missing (not fit-ed)"""
   303	        msg = "%(name)s - Vocabulary wasn't fitted."
   304	        check_is_fitted(self, 'vocabulary_', msg=msg),
   305	
   306	        if len(self.vocabulary_) == 0:
   307	            raise ValueError("Vocabulary is empty")
   308	
   309	    def _validate_params(self):
   310	        """Check validity of ngram_range parameter"""
   311	        min_n, max_m = self.ngram_range
   312	        if min_n > max_m:
   313	            raise ValueError(
   314	                "Invalid value for ngram_range=%s "
   315	                "lower boundary larger than the upper boundary."
   316	                % str(self.ngram_range))
   317	
   318	
   319	class HashingVectorizer(BaseEstimator, VectorizerMixin, TransformerMixin):
   320	    """Convert a collection of text documents to a matrix of token occurrences

for further observation, tracing the abnormal program behavior.

This is the runtime information of the code snippet you choose to observed in CountVectorizer.__init__:

Error occurred during script execution:get_feature_names() raised an exception when it should not have

Source path:... /data/swe-fl/TMP/testbed/scikit-learn__scikit-learn-10908/sklearn/feature_extraction/text.py
New var:....... __module__ = 'sklearn.feature_extraction.text'
New var:....... __qualname__ = 'VectorizerMixin'
New var:....... __doc__ = 'Provides common code for text vectorizers (tokenization logic).'
New var:....... _white_spaces = re.compile('\\s\\s+')
New var:....... decode = <function VectorizerMixin.decode at 0x7f32a2b12400>
New var:....... _word_ngrams = <function VectorizerMixin._word_ngrams at 0x7f32a2b12488>
New var:....... _char_ngrams = <function VectorizerMixin._char_ngrams at 0x7f32a2b12510>
New var:....... _char_wb_ngrams = <function VectorizerMixin._char_wb_ngrams at 0x7f32a2b12598>
New var:....... build_preprocessor = <function VectorizerMixin.build_preprocessor at 0x7f32a2b12620>
New var:....... build_tokenizer = <function VectorizerMixin.build_tokenizer at 0x7f32a2b126a8>
New var:....... get_stop_words = <function VectorizerMixin.get_stop_words at 0x7f32a2b12730>
New var:....... build_analyzer = <function VectorizerMixin.build_analyzer at 0x7f32a2b127b8>
New var:....... _validate_vocabulary = <function VectorizerMixin._validate_vocabulary at 0x7f32a2b12840>
 line       301     def _check_vocabulary(self):
New var:....... _check_vocabulary = <function VectorizerMixin._check_vocabulary at 0x7f32a2b128c8>
 line       309     def _validate_params(self):
New var:....... _validate_params = <function VectorizerMixin._validate_params at 0x7f32a2b12950>
 return     309     def _validate_params(self):
Return value:.. None
New var:....... __name__ = 'sklearn.feature_extraction.text'
New var:....... __doc__ = '\nThe :mod:`sklearn.feature_extraction.text` su...to\nbuild feature vectors from text documents.\n'
New var:....... __package__ = 'sklearn.feature_extraction'
New var:....... __loader__ = <_frozen_importlib_external.SourceFileLoader object at 0x7f32a8d95a90>
New var:....... __spec__ = ModuleSpec(name='sklearn.feature_extraction.text...-learn-10908/sklearn/feature_extraction/text.py')
New var:....... __file__ = '/data/swe-fl/TMP/testbed/scikit-learn__scikit-learn-10908/sklearn/feature_extraction/text.py'
New var:....... __cached__ = '/data/swe-fl/TMP/testbed/scikit-learn__scikit-l...ature_extraction/__pycache__/text.cpython-36.pyc'
New var:....... __builtins__ = {'__name__': 'builtins', '__doc__': "Built-in fu...1002__': <capsule object NULL at 0x7f3310d4fb70>}
New var:....... unicode_literals = _Feature((2, 6, 0, 'alpha', 2), (3, 0, 0, 'alpha', 0), 131072)
New var:....... array = <module 'array' from '/root/miniforge3/envs/scik...b-dynload/array.cpython-36m-x86_64-linux-gnu.so'>
New var:....... Mapping = <class 'collections.abc.Mapping'>
New var:....... defaultdict = <class 'collections.defaultdict'>
New var:....... numbers = <module 'numbers' from '/root/miniforge3/envs/sc...rn__scikit-learn__0.20/lib/python3.6/numbers.py'>
New var:....... itemgetter = <class 'operator.itemgetter'>
New var:....... re = <module 're' from '/root/miniforge3/envs/scikit-learn__scikit-learn__0.20/lib/python3.6/re.py'>
New var:....... unicodedata = <module 'unicodedata' from '/root/miniforge3/env...oad/unicodedata.cpython-36m-x86_64-linux-gnu.so'>
New var:....... np = <module 'numpy' from '/root/miniforge3/envs/scik...0/lib/python3.6/site-packages/numpy/__init__.py'>
New var:....... sp = <module 'scipy.sparse' from '/root/miniforge3/en...ython3.6/site-packages/scipy/sparse/__init__.py'>
New var:....... BaseEstimator = <class 'sklearn.base.BaseEstimator'>
New var:....... TransformerMixin = <class 'sklearn.base.TransformerMixin'>
New var:....... six = <module 'sklearn.externals.six' from '/data/swe-...rn__scikit-learn-10908/sklearn/externals/six.py'>
New var:....... xrange = <class 'range'>
New var:....... normalize = <function normalize at 0x7f32a2b0e400>
New var:....... FeatureHasher = <class 'sklearn.feature_extraction.hashing.FeatureHasher'>
New var:....... ENGLISH_STOP_WORDS = frozenset({'him', 'whether', 'in', 'enough', 'hu...', 'therein', 'during', 'since', 'too', 'alone'})
New var:....... check_is_fitted = <function check_is_fitted at 0x7f32a8d8cf28>
New var:....... sp_version = (1, 5, 2)
New var:....... __all__ = ['CountVectorizer', 'ENGLISH_STOP_WORDS', 'Tfidf...ts_ascii', 'strip_accents_unicode', 'strip_tags']
New var:....... strip_accents_unicode = <function strip_accents_unicode at 0x7f32a8da11e0>
New var:....... strip_accents_ascii = <function strip_accents_ascii at 0x7f32a8da1268>
New var:....... strip_tags = <function strip_tags at 0x7f32a2b12268>
New var:....... _check_stop_list = <function _check_stop_list at 0x7f32a2b122f0>
New var:....... VectorizerMixin = <class 'sklearn.feature_extraction.text.VectorizerMixin'>
 line       319 class HashingVectorizer(BaseEstimator, VectorizerMixin, TransformerMixin):
     call       319 class HashingVectorizer(BaseEstimator, VectorizerMixin, TransformerMixin):
     line       319 class HashingVectorizer(BaseEstimator, VectorizerMixin, TransformerMixin):
Starting var:.. self = CountVectorizer(analyzer='word', binary=False, d..., 'is', 'one', 'second', 'the', 'third', 'this'])
 call       301     def _check_vocabulary(self):
 line       303         msg = "%(name)s - Vocabulary wasn't fitted."
New var:....... msg = "%(name)s - Vocabulary wasn't fitted."
 line       304         check_is_fitted(self, 'vocabulary_', msg=msg),
    Source path:... /data/swe-fl/TMP/testbed/scikit-learn__scikit-learn-10908/sklearn/utils/validation.py
    Starting var:.. estimator = CountVectorizer(analyzer='word', binary=False, d..., 'is', 'one', 'second', 'the', 'third', 'this'])
    Starting var:.. attributes = 'vocabulary_'
    Starting var:.. msg = "%(name)s - Vocabulary wasn't fitted."
    Starting var:.. all_or_any = <built-in function all>
     call       812 def check_is_fitted(estimator, attributes, msg=None, all_or_any=all):
     line       849     if msg is None:
     line       853     if not hasattr(estimator, 'fit'):
     line       856     if not isinstance(attributes, (list, tuple)):
     line       857         attributes = [attributes]
    Modified var:.. attributes = ['vocabulary_']
     line       859     if not all_or_any([hasattr(estimator, attr) for attr in attributes]):
     line       860         raise NotFittedError(msg % {'name': type(estimator).__name__})
     exception  860         raise NotFittedError(msg % {'name': type(estimator).__name__})
    Exception:..... sklearn.exceptions.NotFittedError: CountVectorizer - Vocabulary wasn't fitted.
Call ended by exception
Source path:... /data/swe-fl/TMP/testbed/scikit-learn__scikit-learn-10908/sklearn/feature_extraction/text.py
 exception  304         check_is_fitted(self, 'vocabulary_', msg=msg),
Exception:..... sklearn.exceptions.NotFittedError: CountVectorizer - Vocabulary wasn't fitted.
New var:....... self = CountVectorizer(analyzer='word', binary=False, d..., 'is', 'one', 'second', 'the', 'third', 'this'])
New var:....... msg = "%(name)s - Vocabulary wasn't fitted."
Call ended by exception
Traceback (most recent call last):
  File "/data/swe-fl/TMP/testbed/scikit-learn__scikit-learn-10908/reproduce.py"
    28: feature_names = vectorizer.get_feature_names()
  File "/data/swe-fl/TMP/testbed/scikit-learn__scikit-learn-10908/sklearn/feature_extraction/text.py"
    996: self._check_vocabulary()
  File "/data/swe-fl/TMP/testbed/scikit-learn__scikit-learn-10908/sklearn/feature_extraction/text.py"
    304: check_is_fitted(self, 'vocabulary_', msg=msg),
  File "/data/swe-fl/TMP/testbed/scikit-learn__scikit-learn-10908/sklearn/utils/validation.py"
    860: raise NotFittedError(msg % {'name': type(estimator).__name__})
NotFittedError: CountVectorizer - Vocabulary wasn't fitted.
Traceback (most recent call last):
  File "/data/swe-fl/TMP/testbed/scikit-learn__scikit-learn-10908/reproduce.py", line 28, in main
    feature_names = vectorizer.get_feature_names()
  File "/data/swe-fl/TMP/testbed/scikit-learn__scikit-learn-10908/sklearn/feature_extraction/text.py", line 996, in get_feature_names
    self._check_vocabulary()
  File "/data/swe-fl/TMP/testbed/scikit-learn__scikit-learn-10908/sklearn/feature_extraction/text.py", line 304, in _check_vocabulary
    check_is_fitted(self, 'vocabulary_', msg=msg),
  File "/data/swe-fl/TMP/testbed/scikit-learn__scikit-learn-10908/sklearn/utils/validation.py", line 860, in check_is_fitted
    raise NotFittedError(msg % {'name': type(estimator).__name__})
sklearn.exceptions.NotFittedError: CountVectorizer - Vocabulary wasn't fitted.

During handling of the above exception, another exception occurred:

Traceback (most recent call last):
  File "run_debugging_test.py", line 17, in debugging_test_execution_wrapper
    wrapped_execute()
  File "/data/swe-fl/SRC/pysnooper_axel/dbgsnooper/dbgsnooper/tracer.py", line 335, in simple_wrapper
    return function(*args, **kwargs)
  File "run_debugging_test.py", line 15, in wrapped_execute
    runpy.run_path(test_path, run_name="__main__")
  File "/root/miniforge3/envs/scikit-learn__scikit-learn__0.20/lib/python3.6/runpy.py", line 263, in run_path
    pkg_name=pkg_name, script_name=fname)
  File "/root/miniforge3/envs/scikit-learn__scikit-learn__0.20/lib/python3.6/runpy.py", line 96, in _run_module_code
    mod_name, mod_spec, pkg_name, script_name)
  File "/root/miniforge3/envs/scikit-learn__scikit-learn__0.20/lib/python3.6/runpy.py", line 85, in _run_code
    exec(code, run_globals)
  File "/data/swe-fl/TMP/testbed/scikit-learn__scikit-learn-10908/reproduce.py", line 38, in <module>
    main()
  File "/data/swe-fl/TMP/testbed/scikit-learn__scikit-learn-10908/reproduce.py", line 35, in main
    assert False, "get_feature_names() raised an exception when it should not have"
AssertionError: get_feature_names() raised an exception when it should not have



You need to trace the abnormal program behavior step by step to identify the root cause of the bug and locate the buggy method that contains the code to be fixed.
Now, please first analyze the current observed code and the abnormal program behavior. 

Then, if you can already locate the buggy method and buggy code, reply with:
Buggy method: `{FILE_PATH}:{METHOD_NAME}`
Otherwise, continue tracing by selecting the next method to observe. Reply with: 
Observed method: `{FILE_PATH}:{METHOD_NAME}`
Note that {FILE_PATH} refers to the path relative to the repository. And if you want to observe a method inside a class, please specify the class name and method name in the format of `ClassName.method_name` as METHOD_NAME.

