
You are a bug repair agent to resolve issues and submit pull requests.
Now You need to reolve the following issue in the **sympy** project:
## ISSUE
<ISSUE>
S(0.0) == S.false returns True
This issue is related to those listed in #20033. 

As shown by @sayandip18, comparing `S.false` to `S(0.0)` returns 2 different results depending on the order in which they are compared:

```pycon
>>> from sympy import *
>>> S(0.0) == S.false
True
>>> S.false == S(0.0)
False
```
Based on the results of comparison to `S(0)`:

```pycon
>>> S(0) == S.false
False
>>> S.false == S(0)
False
```
I assume we would want `S(0.0) == S.false` to return True as well?

</ISSUE>


You have called API to retrieve some code and this is your API call and reply history:
==================================================
Your Output:
To resolve this issue, I need to understand the implementation of the `S` object which is a shortcut for SymPy's singleton instances like `S.true`, `S.false`, and `S(0.0)`. This often involves looking at the `Basic` class or similar within the SymPy codebase where these comparisons might be defined.

I will start by searching for the class or method that might be handling these comparisons.

```python
search_method_in_codebase("Basic.__eq__")
search_method_in_codebase("Singleton.__eq__")
search_class_in_codebase("S")
search_class_in_codebase("Singleton")
```
==================================================
Your API invoke result:

### API INVOKE: search_method_in_codebase("Basic.__eq__")
RESULT:
#### sympy/core/basic.py:Basic.__eq__
```python
    def __eq__(self, other):
        """Return a boolean indicating whether a == b on the basis of
        their symbolic trees.

        This is the same as a.compare(b) == 0 but faster.

        Notes
        =====

        If a class that overrides __eq__() needs to retain the
        implementation of __hash__() from a parent class, the
        interpreter must be told this explicitly by setting __hash__ =
        <ParentClass>.__hash__. Otherwise the inheritance of __hash__()
        will be blocked, just as if __hash__ had been explicitly set to
        None.

        References
        ==========

        from http://docs.python.org/dev/reference/datamodel.html#object.__hash__
        """
        if self is other:
            return True

        tself = type(self)
        tother = type(other)
        if tself is not tother:
            try:
                other = _sympify(other)
                tother = type(other)
            except SympifyError:
                return NotImplemented

            # As long as we have the ordering of classes (sympy.core),
            # comparing types will be slow in Python 2, because it uses
            # __cmp__. Until we can remove it
            # (https://github.com/sympy/sympy/issues/4269), we only compare
            # types in Python 2 directly if they actually have __ne__.
            if type(tself).__ne__ is not type.__ne__:
                if tself != tother:
                    return False
            elif tself is not tother:
                return False

        return self._hashable_content() == other._hashable_content()

```


### API INVOKE: search_method_in_codebase("Singleton.__eq__")
RESULT:
#### sympy/core/basic.py:Basic.__eq__
```python
    def __eq__(self, other):
        """Return a boolean indicating whether a == b on the basis of
        their symbolic trees.

        This is the same as a.compare(b) == 0 but faster.

        Notes
        =====

        If a class that overrides __eq__() needs to retain the
        implementation of __hash__() from a parent class, the
        interpreter must be told this explicitly by setting __hash__ =
        <ParentClass>.__hash__. Otherwise the inheritance of __hash__()
        will be blocked, just as if __hash__ had been explicitly set to
        None.

        References
        ==========

        from http://docs.python.org/dev/reference/datamodel.html#object.__hash__
        """
        if self is other:
            return True

        tself = type(self)
        tother = type(other)
        if tself is not tother:
            try:
                other = _sympify(other)
                tother = type(other)
            except SympifyError:
                return NotImplemented

            # As long as we have the ordering of classes (sympy.core),
            # comparing types will be slow in Python 2, because it uses
            # __cmp__. Until we can remove it
            # (https://github.com/sympy/sympy/issues/4269), we only compare
            # types in Python 2 directly if they actually have __ne__.
            if type(tself).__ne__ is not type.__ne__:
                if tself != tother:
                    return False
            elif tself is not tother:
                return False

        return self._hashable_content() == other._hashable_content()

```


### API INVOKE: search_class_in_codebase("Singleton")
RESULT:
#### sympy/core/singleton.py:Singleton
```python
class Singleton(ManagedProperties):
    """
    Metaclass for singleton classes.

    Explanation
    ===========

    A singleton class has only one instance which is returned every time the
    class is instantiated. Additionally, this instance can be accessed through
    the global registry object ``S`` as ``S.<class_name>``.

    Examples
    ========

        >>> from sympy import S, Basic
        >>> from sympy.core.singleton import Singleton
        >>> class MySingleton(Basic, metaclass=Singleton):
        ...     pass
        >>> Basic() is Basic()
        False
        >>> MySingleton() is MySingleton()
        True
        >>> S.MySingleton is MySingleton()
        True

    Notes
    =====

    Instance creation is delayed until the first time the value is accessed.
    (SymPy versions before 1.0 would create the instance during class
    creation time, which would be prone to import cycles.)

    This metaclass is a subclass of ManagedProperties because that is the
    metaclass of many classes that need to be Singletons (Python does not allow
    subclasses to have a different metaclass than the superclass, except the
    subclass may use a subclassed metaclass).
    """

    _instances = {}  # type: Dict[Type[Any], Any]
    "Maps singleton classes to their instances."

    def __new__(cls, *args, **kwargs):
        ...

    def __call__(self, *args, **kwargs):
        ...
```


==================================================

Based on these information, you need to think about how to resolve the issue and fix the bug.
Now, please first analyze whether you need to retrieve any source code or if you're ready to generate the patch. Note that before generating a patch for a method, you must first obtain its source code.
Then you have two options. (Choose only one of them):

## IF GENERATE PATCH
If you've gathered enough code to generate the patch, stop invoking the search APIs.
At this point, instead of invoking function call, please reply with:
Ready generation: `True` 

## IF YOU NEED TO RETRIEVE SOURCE CODE
If you need to know any more source code to help you generate the patch, use the search APIs to retrieve code.
You can use the following APIs to search source code.
1. `search_method_in_file(file_path: str, method_name: str)`: Search for the method in the specified file.
2. `search_method_in_codebase(method_name: str)`: Search for the method in the whole project codebase. Only if you don't know the file path of the method, this API should be used. Otherwise, you should use the `search_method_in_file` API.
3. `search_class_in_file(file_path: str, class_name: str)`: Search for the class code in the specified file.
4. `search_class_in_codebase(class_name: str)`: Search for the class code in the whole project codebase. Only if you don't know the file path of the class, this API should be used. Otherwise, you should use the `search_class_in_file` API.
5. `search_code_in_file(file_path: str, code: str)`: Search for a code snippet in the specified file, return its surrounding code.
6. `search_code_in_codebase(code: str)`: Search for a code snippet in the whole project codebase. Only if you don't know the file path of the code, this API should be used. Otherwise, you should use the `search_code_in_file` API.


You should finally reply in the following format:
```python
search_method_in_file("FILE_PATH", "METHOD_NAME")
search_class_in_file("FILE_PATH", "CLASS_NAME")
search_code_in_file("FILE_PATH", "SOME_CODE")
search_method_in_codebase("METHOD_NAME")
...
```
Note the format should obeys the following rules:
1. Enclose all API calls in a single python code block (i.e., start with ```python, followed by the API calls, then close the block with ```).
2. You may invoke any of these APIs as many times as needed, including not at all.
3. The file path is relative to the repository.
4. All arguments must be enclosed in double quotes and the number of arguments must be correct.
5. If the method you want to search belongs to a class, it is recommended specify the class name and method name in the format of `ClassName.method_name` as METHOD_NAME. Otherwise multiple methods with the same name (but in different classes) may be returned.


Now, please first analyze whether you need to retrieve any source code or if you're ready to generate the patch. Note that before generating a patch for a method, you must first obtain its source code.
Then choose one of the two options above and follow the format to reply.

