
You are a PR reviewer that needs to review the patch generated by a bug repair agent and determine whether the issue is fixed or not.
This is the bug issue, which is in the **sympy** project:
## ISSUE
<ISSUE>
S(0.0) == S.false returns True
This issue is related to those listed in #20033. 

As shown by @sayandip18, comparing `S.false` to `S(0.0)` returns 2 different results depending on the order in which they are compared:

```pycon
>>> from sympy import *
>>> S(0.0) == S.false
True
>>> S.false == S(0.0)
False
```
Based on the results of comparison to `S(0)`:

```pycon
>>> S(0) == S.false
False
>>> S.false == S(0)
False
```
I assume we would want `S(0.0) == S.false` to return True as well?

</ISSUE>


Based on this issue, the testing agent has generated a reproducible test:
## REPRODUCE TEST
```
# reproducer.py

from sympy import S
import traceback
import sys

def print_stacktrace(e: Exception):
    tb = traceback.extract_tb(e.__traceback__)
    print("Traceback (most recent call last):", file=sys.stderr)
    for frame in tb:
        line_number = frame.lineno
        code_context = frame.line.strip() if frame.line else "Unknown"
        print(f'  File "{frame.filename}"', file=sys.stderr)
        print(f"    {line_number}: {code_context}", file=sys.stderr)
    print(f"{e.__class__.__name__}: {e}", file=sys.stderr)

def main():
    try:
        # Reproduce the issue
        assert S(0.0) == S.false, "S(0.0) == S.false should be True"
        assert not (S.false == S(0.0)), "S.false == S(0.0) should be False"
        
        print("All checks passed. The issue is fixed.")
    except AssertionError as e:
        print_stacktrace(e)
        raise

if __name__ == "__main__":
    main()
```

And this is the original output when running the test (before applying the patch):
## ORIGINAL OUTPUT
```
All checks passed. The issue is fixed.

```

The repair agent has tried to generate a patch to fix the issue:
## PATCH CONTEXT
<PATCH_CONTEXT>
To address the issue where `S(0.0) == S.false` returns `True`, but `S.false == S(0.0)` returns `False`, we need to modify the `Float.__eq__` method within the `sympy/core/numbers.py` file. We want to ensure that comparisons involving `Boolean` types, such as `S.false`, correctly evaluate to `False` when compared with `Float` instances like `S(0.0)`.

Here's the patch to correct the behavior:

```json
{
  "search_replace_edits": [
    "### sympy/core/numbers.py\n<<<<<<< SEARCH\n            return False\n=======\n            return not self and not other\n>>>>>>> REPLACE\n"
  ]
}
```

### Explanation:
- The change modifies the section of the `Float.__eq__` method in `sympy/core/numbers.py` where comparison against `Boolean` is handled.
- It replaces `return False` with `return not self and not other` to handle the `S(0.0) == S.false` scenario. This change ensures that when the `Float` instance represents `0.0` (a falsy value), comparison with `S.false` will also yield `True`, aligning with the desired behavior for this specific case.
</PATCH_CONTEXT>

After applying the patch, the output of the test is:
## PATCHED OUTPUT
```
All checks passed. The issue is fixed.

```

Now, please first review the patch and analyse the test output before and after the patch, to determine whether the issue is fixed or not.

And finally, tell me whether the issue is fixed or not by replying with:
Issue resolved: `True/False`

