
You are a bug repair agent to resolve issues and submit pull requests.
Now You need to reolve the following issue in the **sympy** project:
## ISSUE
<ISSUE>
S(0.0) == S.false returns True
This issue is related to those listed in #20033. 

As shown by @sayandip18, comparing `S.false` to `S(0.0)` returns 2 different results depending on the order in which they are compared:

```pycon
>>> from sympy import *
>>> S(0.0) == S.false
True
>>> S.false == S(0.0)
False
```
Based on the results of comparison to `S(0)`:

```pycon
>>> S(0) == S.false
False
>>> S.false == S(0)
False
```
I assume we would want `S(0.0) == S.false` to return True as well?

</ISSUE>


You have called API to retrieve some code and this is your API call and reply history:
==================================================
Your Output:
To resolve the issue, I first need to examine the logic associated with ordering and equality operations in the `sympy` library, particularly how `S.false` interacts with numbers like `S(0.0)`. This likely involves understanding the comparison operations. Therefore, I need to search for relevant methods in the sympy codebase that handle equality checks or conversions for 0.0 with Boolean values.

Since `S.false` suggests a Sympy singleton related to `false`, the logic may be located in a specific class dedicated to these boolean constants and their interactions.

I'll start by searching for classes or methods related to the Sympy singleton or Boolean operations.

```python
search_class_in_codebase("S")
search_method_in_codebase("__eq__")
search_class_in_codebase("BooleanAtom")
```
==================================================
Your API invoke result:

### API INVOKE: search_method_in_codebase("__eq__")
RESULT:
#### sympy/core/basic.py:Basic.__eq__
```python
    def __eq__(self, other):
        """Return a boolean indicating whether a == b on the basis of
        their symbolic trees.

        This is the same as a.compare(b) == 0 but faster.

        Notes
        =====

        If a class that overrides __eq__() needs to retain the
        implementation of __hash__() from a parent class, the
        interpreter must be told this explicitly by setting __hash__ =
        <ParentClass>.__hash__. Otherwise the inheritance of __hash__()
        will be blocked, just as if __hash__ had been explicitly set to
        None.

        References
        ==========

        from http://docs.python.org/dev/reference/datamodel.html#object.__hash__
        """
        if self is other:
            return True

        tself = type(self)
        tother = type(other)
        if tself is not tother:
            try:
                other = _sympify(other)
                tother = type(other)
            except SympifyError:
                return NotImplemented

            # As long as we have the ordering of classes (sympy.core),
            # comparing types will be slow in Python 2, because it uses
            # __cmp__. Until we can remove it
            # (https://github.com/sympy/sympy/issues/4269), we only compare
            # types in Python 2 directly if they actually have __ne__.
            if type(tself).__ne__ is not type.__ne__:
                if tself != tother:
                    return False
            elif tself is not tother:
                return False

        return self._hashable_content() == other._hashable_content()

```

#### sympy/core/expr.py:Expr.__eq__
```python
    def __eq__(self, other):
        try:
            other = _sympify(other)
            if not isinstance(other, Expr):
                return False
        except (SympifyError, SyntaxError):
            return False
        # check for pure number expr
        if  not (self.is_Number and other.is_Number) and (
                type(self) != type(other)):
            return False
        a, b = self._hashable_content(), other._hashable_content()
        if a != b:
            return False
        # check number *in* an expression
        for a, b in zip(a, b):
            if not isinstance(a, Expr):
                continue
            if a.is_Number and type(a) != type(b):
                return False
        return True

```

#### sympy/core/numbers.py:NumberSymbol.__eq__
```python
    def __eq__(self, other):
        try:
            other = _sympify(other)
        except SympifyError:
            return NotImplemented
        if self is other:
            return True
        if other.is_Number and self.is_irrational:
            return False

        return False    # NumberSymbol != non-(Number|self)

```


### API INVOKE: search_class_in_codebase("BooleanAtom")
RESULT:
#### sympy/logic/boolalg.py:BooleanAtom
```python
class BooleanAtom(Boolean):
    """
    Base class of BooleanTrue and BooleanFalse.
    """
    is_Boolean = True
    is_Atom = True
    _op_priority = 11  # higher than Expr

    def simplify(self, *a, **kw):
        ...

    def expand(self, *a, **kw):
        ...

    @property
    def canonical(self):
        ...

    def _noop(self, other=None):
        ...

    __add__ = _noop
    __radd__ = _noop
    __sub__ = _noop
    __rsub__ = _noop
    __mul__ = _noop
    __rmul__ = _noop
    __pow__ = _noop
    __rpow__ = _noop
    __truediv__ = _noop
    __rtruediv__ = _noop
    __mod__ = _noop
    __rmod__ = _noop
    _eval_power = _noop

    # /// drop when Py2 is no longer supported
    def __lt__(self, other):
        ...

    __le__ = __lt__
    __gt__ = __lt__
    __ge__ = __lt__
```


==================================================

Your Output:
To resolve the issue, I need to understand the implementation of the `__eq__` method in the `BooleanAtom` class, where `S.false` is presumably derived from. This will help in appropriately handling comparisons of boolean values with numerical zero representations like `S(0)` or `S(0.0)`.

Based on the information gathered, `BooleanAtom` does not currently have an `__eq__` method explicitly defined in its class, suggesting that it may rely on either a superclass implementation or a default Python implementation. Therefore, it's necessary to examine whether such a method exists in that class or surrounding code.

I'll start by searching for the equality method in the `BooleanAtom` class or the surrounding logic in the `sympy/logic/boolalg.py` file.

```python
search_class_in_file("sympy/logic/boolalg.py", "BooleanAtom")
search_method_in_file("sympy/logic/boolalg.py", "__eq__")
```
==================================================
Your API invoke result:

### API INVOKE: search_class_in_file("sympy/logic/boolalg.py", "BooleanAtom")
RESULT:
#### sympy/logic/boolalg.py:BooleanAtom
```python
class BooleanAtom(Boolean):
    """
    Base class of BooleanTrue and BooleanFalse.
    """
    is_Boolean = True
    is_Atom = True
    _op_priority = 11  # higher than Expr

    def simplify(self, *a, **kw):
        ...

    def expand(self, *a, **kw):
        ...

    @property
    def canonical(self):
        ...

    def _noop(self, other=None):
        ...

    __add__ = _noop
    __radd__ = _noop
    __sub__ = _noop
    __rsub__ = _noop
    __mul__ = _noop
    __rmul__ = _noop
    __pow__ = _noop
    __rpow__ = _noop
    __truediv__ = _noop
    __rtruediv__ = _noop
    __mod__ = _noop
    __rmod__ = _noop
    _eval_power = _noop

    # /// drop when Py2 is no longer supported
    def __lt__(self, other):
        ...

    __le__ = __lt__
    __gt__ = __lt__
    __ge__ = __lt__
```


==================================================

Based on these information, you need to think about how to resolve the issue and fix the bug.
Now, please first analyze whether you need to retrieve any source code or if you're ready to generate the patch. Note that before generating a patch for a method, you must first obtain its source code.
Then you have two options. (Choose only one of them):

## IF GENERATE PATCH
If you've gathered enough code to generate the patch, stop invoking the search APIs.
At this point, instead of invoking function call, please reply with:
Ready generation: `True` 

## IF YOU NEED TO RETRIEVE SOURCE CODE
If you need to know any more source code to help you generate the patch, use the search APIs to retrieve code.
You can use the following APIs to search source code.
1. `search_method_in_file(file_path: str, method_name: str)`: Search for the method in the specified file.
2. `search_method_in_codebase(method_name: str)`: Search for the method in the whole project codebase. Only if you don't know the file path of the method, this API should be used. Otherwise, you should use the `search_method_in_file` API.
3. `search_class_in_file(file_path: str, class_name: str)`: Search for the class code in the specified file.
4. `search_class_in_codebase(class_name: str)`: Search for the class code in the whole project codebase. Only if you don't know the file path of the class, this API should be used. Otherwise, you should use the `search_class_in_file` API.
5. `search_code_in_file(file_path: str, code: str)`: Search for a code snippet in the specified file, return its surrounding code.
6. `search_code_in_codebase(code: str)`: Search for a code snippet in the whole project codebase. Only if you don't know the file path of the code, this API should be used. Otherwise, you should use the `search_code_in_file` API.


You should finally reply in the following format:
```python
search_method_in_file("FILE_PATH", "METHOD_NAME")
search_class_in_file("FILE_PATH", "CLASS_NAME")
search_code_in_file("FILE_PATH", "SOME_CODE")
search_method_in_codebase("METHOD_NAME")
...
```
Note the format should obeys the following rules:
1. Enclose all API calls in a single python code block (i.e., start with ```python, followed by the API calls, then close the block with ```).
2. You may invoke any of these APIs as many times as needed, including not at all.
3. The file path is relative to the repository.
4. All arguments must be enclosed in double quotes and the number of arguments must be correct.
5. If the method you want to search belongs to a class, it is recommended specify the class name and method name in the format of `ClassName.method_name` as METHOD_NAME. Otherwise multiple methods with the same name (but in different classes) may be returned.


Now, please first analyze whether you need to retrieve any source code or if you're ready to generate the patch. Note that before generating a patch for a method, you must first obtain its source code.
Then choose one of the two options above and follow the format to reply.

