
You are a PR reviewer that needs to review the patch generated by a bug repair agent and determine whether the issue is fixed or not.
This is the bug issue, which is in the **sympy** project:
## ISSUE
<ISSUE>
srepr not printing dict and set properly
`srepr` prints the element in `list` and `tuple` correctly.
```python
>>> from sympy import srepr
>>> from sympy.abc import x,y
>>> srepr([x,y])
[Symbol('x'), Symbol('y')]
>>> srepr((x,y))
(Symbol('x'), Symbol('y'))
```

However, `srepr` prints the elements in `dict` and `set` wrong.
```python
>>> srepr({x, y})
{x, y}
>>> srepr({x: y})
{x: y}
```

Is this behavior intended? If it isn't, fixing it will be an easy job.

</ISSUE>


Based on this issue, the testing agent has generated a reproducible test:
## REPRODUCE TEST
```
def print_stacktrace(e: Exception):
    import traceback
    import sys
    tb = traceback.extract_tb(e.__traceback__)
    print("Traceback (most recent call last):", file=sys.stderr)
    for frame in tb:
        line_number = frame.lineno
        code_context = frame.line.strip() if frame.line else "Unknown"
        print(f'  File "{frame.filename}"', file=sys.stderr)
        print(f"    {line_number}: {code_context}", file=sys.stderr)
    print(f"{e.__class__.__name__}: {e}", file=sys.stderr)

def main():
    from sympy import srepr
    from sympy.abc import x, y

    # Test for set
    set_srepr = srepr({x, y})
    expected_set_srepr = "FiniteSet(Symbol('x'), Symbol('y'))"
    assert set_srepr == expected_set_srepr, f"Expected {expected_set_srepr}, got {set_srepr}"

    # Test for dict
    dict_srepr = srepr({x: y})
    expected_dict_srepr = "Dict(Symbol('x'), Symbol('y'))"
    assert dict_srepr == expected_dict_srepr, f"Expected {expected_dict_srepr}, got {dict_srepr}"

if __name__ == "__main__":
    try:
        main()
    except AssertionError as e:
        print_stacktrace(e)
        raise
```

And this is the original output when running the test (before applying the patch):
## ORIGINAL OUTPUT
```
Traceback (most recent call last):
  File "/data/swe-fl/TMP/testbed/sympy__sympy-19346/reproduce.py"
    29: main()
  File "/data/swe-fl/TMP/testbed/sympy__sympy-19346/reproduce.py"
    20: assert set_srepr == expected_set_srepr, f"Expected {expected_set_srepr}, got {set_srepr}"
AssertionError: Expected FiniteSet(Symbol('x'), Symbol('y')), got {y, x}
Traceback (most recent call last):
  File "/data/swe-fl/TMP/testbed/sympy__sympy-19346/reproduce.py", line 29, in <module>
    main()
  File "/data/swe-fl/TMP/testbed/sympy__sympy-19346/reproduce.py", line 20, in main
    assert set_srepr == expected_set_srepr, f"Expected {expected_set_srepr}, got {set_srepr}"
AssertionError: Expected FiniteSet(Symbol('x'), Symbol('y')), got {y, x}

```

The repair agent has tried to generate a patch to fix the issue:
## PATCH CONTEXT
<PATCH_CONTEXT>
Given the issue details and the code mapping fetched, I need to implement two methods (`_print_set` and `_print_dict`) within the `ReprPrinter` class in `sympy/printing/printer.py` file to correctly handle `set` and `dict` inputs using SymPy's internal representations: `FiniteSet` and `Dict`.

Here's how we can make the changes:

```python
### sympy/printing/printer.py
<<<<<<< SEARCH
        # Unknown object, fall back to the emptyPrinter. Checks what type of
=======
        def _print_set(self, expr, **kwargs):
            from sympy import FiniteSet
            args = [self._print(arg, **kwargs) for arg in expr]
            return "FiniteSet({})".format(", ".join(args))

        def _print_dict(self, expr, **kwargs):
            from sympy import Dict
            args = ["{}: {}".format(self._print(key, **kwargs), self._print(value, **kwargs)) for key, value in expr.items()]
            return "Dict({})".format(", ".join(args))

        # Unknown object, fall back to the emptyPrinter. Checks what type of
>>>>>>> REPLACE
```

This modification adds two new methods to handle `set` and `dict` types before the section dealing with unknown objects falling back to `emptyPrinter`. 

Let's output the final JSON format for these changes:

```json
{
  "search_replace_edits": [
    "### sympy/printing/printer.py\n<<<<<<< SEARCH\n        # Unknown object, fall back to the emptyPrinter. Checks what type of\n=======\n        def _print_set(self, expr, **kwargs):\n            from sympy import FiniteSet\n            args = [self._print(arg, **kwargs) for arg in expr]\n            return \"FiniteSet({})\".format(\", \".join(args))\n\n        def _print_dict(self, expr, **kwargs):\n            from sympy import Dict\n            args = [\"{}: {}\".format(self._print(key, **kwargs), self._print(value, **kwargs)) for key, value in expr.items()]\n            return \"Dict({})\".format(\", \".join(args))\n\n        # Unknown object, fall back to the emptyPrinter. Checks what type of\n>>>>>>> REPLACE"
  ]
}
```
</PATCH_CONTEXT>

After applying the patch, the output of the test is:
## PATCHED OUTPUT
```
Traceback (most recent call last):
  File "/data/swe-fl/TMP/testbed/sympy__sympy-19346/reproduce.py"
    29: main()
  File "/data/swe-fl/TMP/testbed/sympy__sympy-19346/reproduce.py"
    20: assert set_srepr == expected_set_srepr, f"Expected {expected_set_srepr}, got {set_srepr}"
AssertionError: Expected FiniteSet(Symbol('x'), Symbol('y')), got {y, x}
Traceback (most recent call last):
  File "/data/swe-fl/TMP/testbed/sympy__sympy-19346/reproduce.py", line 29, in <module>
    main()
  File "/data/swe-fl/TMP/testbed/sympy__sympy-19346/reproduce.py", line 20, in main
    assert set_srepr == expected_set_srepr, f"Expected {expected_set_srepr}, got {set_srepr}"
AssertionError: Expected FiniteSet(Symbol('x'), Symbol('y')), got {y, x}

```

Now, please first review the patch and analyse the test output before and after the patch, to determine whether the issue is fixed or not.

And finally, tell me whether the issue is fixed or not by replying with:
Issue resolved: `True/False`

