
You need to trace the abnormal program to resolve project issues and submit pull requests.
Now you need to reolve the following issue in the **sympy** project:
## ISSUE
<ISSUE>
srepr not printing dict and set properly
`srepr` prints the element in `list` and `tuple` correctly.
```python
>>> from sympy import srepr
>>> from sympy.abc import x,y
>>> srepr([x,y])
[Symbol('x'), Symbol('y')]
>>> srepr((x,y))
(Symbol('x'), Symbol('y'))
```

However, `srepr` prints the elements in `dict` and `set` wrong.
```python
>>> srepr({x, y})
{x, y}
>>> srepr({x: y})
{x: y}
```

Is this behavior intended? If it isn't, fixing it will be an easy job.

</ISSUE>


Based on this issue, the testing agent has generated a reproducible test:
def print_stacktrace(e: Exception):
    import traceback
    import sys
    tb = traceback.extract_tb(e.__traceback__)
    print("Traceback (most recent call last):", file=sys.stderr)
    for frame in tb:
        line_number = frame.lineno
        code_context = frame.line.strip() if frame.line else "Unknown"
        print(f'  File "{frame.filename}"', file=sys.stderr)
        print(f"    {line_number}: {code_context}", file=sys.stderr)
    print(f"{e.__class__.__name__}: {e}", file=sys.stderr)

def main():
    from sympy import srepr
    from sympy.abc import x, y

    # Test for set
    set_srepr = srepr({x, y})
    expected_set_srepr = "FiniteSet(Symbol('x'), Symbol('y'))"
    assert set_srepr == expected_set_srepr, f"Expected {expected_set_srepr}, got {set_srepr}"

    # Test for dict
    dict_srepr = srepr({x: y})
    expected_dict_srepr = "Dict(Symbol('x'), Symbol('y'))"
    assert dict_srepr == expected_dict_srepr, f"Expected {expected_dict_srepr}, got {dict_srepr}"

if __name__ == "__main__":
    try:
        main()
    except AssertionError as e:
        print_stacktrace(e)
        raise

This is the corresponding output and runtime information:
Error occurred during script execution:Expected FiniteSet(Symbol('x'), Symbol('y')), got {y, x}

    Source path:... /data/swe-fl/TMP/testbed/sympy__sympy-19346/reproduce.py
    Starting var:.. __name__ = '__main__'
    Starting var:.. __doc__ = None
    Starting var:.. __package__ = ''
    Starting var:.. __loader__ = None
    Starting var:.. __spec__ = None
    Starting var:.. __file__ = '/data/swe-fl/TMP/testbed/sympy__sympy-19346/reproduce.py'
    Starting var:.. __cached__ = None
    Starting var:.. __builtins__ = {'__name__': 'builtins', '__doc__': "Built-in fu...ive help, or help(object) for help about object.}
     call         1 def print_stacktrace(e: Exception):
     line         1 def print_stacktrace(e: Exception):
    New var:....... print_stacktrace = <function print_stacktrace at 0x7f82050ed040>
     line        13 def main():
    New var:....... main = <function main at 0x7f82050ed280>
     line        27 if __name__ == "__main__":
     line        28     try:
     line        29         main()
         call        13 def main():
         line        14     from sympy import srepr
            Source path:... <frozen importlib._bootstrap>
            Starting var:.. name = 'sympy'
            Starting var:.. import_ = <built-in function __import__>
            New var:....... module = <object object at 0x7f82055bf060>
            Return value:.. <module 'sympy' from '/data/swe-fl/TMP/testbed/sympy__sympy-19346/sympy/__init__.py'>
            Starting var:.. module = <module 'sympy' from '/data/swe-fl/TMP/testbed/sympy__sympy-19346/sympy/__init__.py'>
            Starting var:.. fromlist = ('srepr',)
            Starting var:.. import_ = <built-in function __import__>
            Starting var:.. recursive = False
            New var:....... x = 'srepr'
            Return value:.. <module 'sympy' from '/data/swe-fl/TMP/testbed/sympy__sympy-19346/sympy/__init__.py'>
        Source path:... /data/swe-fl/TMP/testbed/sympy__sympy-19346/reproduce.py
        New var:....... srepr = <function srepr at 0x7f8203ba2c10>
         line        15     from sympy.abc import x, y
            Source path:... <frozen importlib._bootstrap>
            Starting var:.. name = 'sympy.abc'
            Starting var:.. import_ = <built-in function __import__>
            New var:....... module = <object object at 0x7f82055bf060>
            Return value:.. <module 'sympy.abc' from '/data/swe-fl/TMP/testbed/sympy__sympy-19346/sympy/abc.py'>
        Source path:... /data/swe-fl/TMP/testbed/sympy__sympy-19346/reproduce.py
        New var:....... x = x
        New var:....... y = y
         line        18     set_srepr = srepr({x, y})
            Source path:... /data/swe-fl/TMP/testbed/sympy__sympy-19346/sympy/core/expr.py
            Starting var:.. self = x
             call       106     def __hash__(self):
             line       109         h = self._mhash
            New var:....... h = 2119200034202806490
             line       110         if h is None:
             line       113         return h
             return     113         return h
            Return value:.. 2119200034202806490
            Starting var:.. self = y
             call       106     def __hash__(self):
             line       109         h = self._mhash
            New var:....... h = None
             line       110         if h is None:
             line       111             h = hash((type(self).__name__,) + self._hashable_content())
            Modified var:.. h = -6361085418047092504
             line       112             self._mhash = h
             line       113         return h
             return     113         return h
            Return value:.. -6361085418047092504
            Source path:... /data/swe-fl/TMP/testbed/sympy__sympy-19346/sympy/printing/repr.py
            Starting var:.. expr = {y, x}
            Starting var:.. settings = {}
             call       343 def srepr(expr, **settings):
             line       345     return ReprPrinter(settings).doprint(expr)
             return     345     return ReprPrinter(settings).doprint(expr)
            Return value:.. '{y, x}'
        Source path:... /data/swe-fl/TMP/testbed/sympy__sympy-19346/reproduce.py
        New var:....... set_srepr = '{y, x}'
         line        19     expected_set_srepr = "FiniteSet(Symbol('x'), Symbol('y'))"
        New var:....... expected_set_srepr = "FiniteSet(Symbol('x'), Symbol('y'))"
         line        20     assert set_srepr == expected_set_srepr, f"Expected {expected_set_srepr}, got {set_srepr}"
         exception   20     assert set_srepr == expected_set_srepr, f"Expected {expected_set_srepr}, got {set_srepr}"
        Exception:..... AssertionError: Expected FiniteSet(Symbol('x'), Symbol('y')), got {y, x}
        New var:....... srepr = <function srepr at 0x7f8203ba2c10>
    New var:....... x = x
    New var:....... y = y
    New var:....... set_srepr = '{y, x}'
    New var:....... expected_set_srepr = "FiniteSet(Symbol('x'), Symbol('y'))"
    Call ended by exception
 exception   29         main()
Exception:..... AssertionError: Expected FiniteSet(Symbol('x'), Symbol('y')), got {y, x}
New var:....... __name__ = '__main__'
New var:....... __doc__ = None
New var:....... __package__ = ''
New var:....... __loader__ = None
New var:....... __spec__ = None
New var:....... __file__ = '/data/swe-fl/TMP/testbed/sympy__sympy-19346/reproduce.py'
New var:....... __cached__ = None
New var:....... __builtins__ = {'__name__': 'builtins', '__doc__': "Built-in fu...ive help, or help(object) for help about object.}
New var:....... print_stacktrace = <function print_stacktrace at 0x7f82050ed040>
New var:....... main = <function main at 0x7f82050ed280>
 line        30     except AssertionError as e:
New var:....... e = AssertionError("Expected FiniteSet(Symbol('x'), Symbol('y')), got {y, x}")
 line        31         print_stacktrace(e)
    Starting var:.. e = AssertionError("Expected FiniteSet(Symbol('x'), Symbol('y')), got {y, x}")
     call         1 def print_stacktrace(e: Exception):
     line         2     import traceback
    New var:....... traceback = <module 'traceback' from '/root/miniforge3/envs/sympy__sympy__1.7/lib/python3.9/traceback.py'>
     line         3     import sys
    New var:....... sys = <module 'sys' (built-in)>
     line         4     tb = traceback.extract_tb(e.__traceback__)
        Source path:... /root/miniforge3/envs/sympy__sympy__1.7/lib/python3.9/traceback.py
        Starting var:.. tb = <traceback object at 0x7f8203e75f80>
        Starting var:.. limit = None
         call        59 def extract_tb(tb, limit=None):
         line        72     return StackSummary.extract(walk_tb(tb), limit=limit)
         return      72     return StackSummary.extract(walk_tb(tb), limit=limit)
        Return value:.. [<FrameSummary file /data/swe-fl/TMP/testbed/sym...ympy__sympy-19346/reproduce.py, line 20 in main>]
    Source path:... /data/swe-fl/TMP/testbed/sympy__sympy-19346/reproduce.py
    New var:....... tb = [<FrameSummary file /data/swe-fl/TMP/testbed/sym...ympy__sympy-19346/reproduce.py, line 20 in main>]
     line         5     print("Traceback (most recent call last):", file=sys.stderr)
Traceback (most recent call last):
     line         6     for frame in tb:
    New var:....... frame = <FrameSummary file /data/swe-fl/TMP/testbed/sympy__sympy-19346/reproduce.py, line 29 in <module>>
     line         7         line_number = frame.lineno
    New var:....... line_number = 29
     line         8         code_context = frame.line.strip() if frame.line else "Unknown"
        Source path:... /root/miniforge3/envs/sympy__sympy__1.7/lib/python3.9/traceback.py
        Starting var:.. self = <FrameSummary file /data/swe-fl/TMP/testbed/sympy__sympy-19346/reproduce.py, line 29 in <module>>
         call       286     def line(self):
         line       287         if self._line is None:
         line       289         return self._line
         return     289         return self._line
        Return value:.. 'main()'
        Starting var:.. self = <FrameSummary file /data/swe-fl/TMP/testbed/sympy__sympy-19346/reproduce.py, line 29 in <module>>
         call       286     def line(self):
         line       287         if self._line is None:
         line       289         return self._line
         return     289         return self._line
        Return value:.. 'main()'
    Source path:... /data/swe-fl/TMP/testbed/sympy__sympy-19346/reproduce.py
    New var:....... code_context = 'main()'
     line         9         print(f'  File "{frame.filename}"', file=sys.stderr)
  File "/data/swe-fl/TMP/testbed/sympy__sympy-19346/reproduce.py"
     line        10         print(f"    {line_number}: {code_context}", file=sys.stderr)
    29: main()
     line         6     for frame in tb:
    Modified var:.. frame = <FrameSummary file /data/swe-fl/TMP/testbed/sympy__sympy-19346/reproduce.py, line 20 in main>
     line         7         line_number = frame.lineno
    Modified var:.. line_number = 20
     line         8         code_context = frame.line.strip() if frame.line else "Unknown"
        Source path:... /root/miniforge3/envs/sympy__sympy__1.7/lib/python3.9/traceback.py
        Starting var:.. self = <FrameSummary file /data/swe-fl/TMP/testbed/sympy__sympy-19346/reproduce.py, line 20 in main>
         call       286     def line(self):
         line       287         if self._line is None:
         line       289         return self._line
         return     289         return self._line
        Return value:.. 'assert set_srepr == expected_set_srepr, f"Expected {expected_set_srepr}, got {set_srepr}"'
        Starting var:.. self = <FrameSummary file /data/swe-fl/TMP/testbed/sympy__sympy-19346/reproduce.py, line 20 in main>
         call       286     def line(self):
         line       287         if self._line is None:
         line       289         return self._line
         return     289         return self._line
        Return value:.. 'assert set_srepr == expected_set_srepr, f"Expected {expected_set_srepr}, got {set_srepr}"'
    Source path:... /data/swe-fl/TMP/testbed/sympy__sympy-19346/reproduce.py
    Modified var:.. code_context = 'assert set_srepr == expected_set_srepr, f"Expected {expected_set_srepr}, got {set_srepr}"'
     line         9         print(f'  File "{frame.filename}"', file=sys.stderr)
  File "/data/swe-fl/TMP/testbed/sympy__sympy-19346/reproduce.py"
     line        10         print(f"    {line_number}: {code_context}", file=sys.stderr)
    20: assert set_srepr == expected_set_srepr, f"Expected {expected_set_srepr}, got {set_srepr}"
     line         6     for frame in tb:
     line        11     print(f"{e.__class__.__name__}: {e}", file=sys.stderr)
AssertionError: Expected FiniteSet(Symbol('x'), Symbol('y')), got {y, x}
     return      11     print(f"{e.__class__.__name__}: {e}", file=sys.stderr)
    Return value:.. None
 line        32         raise
Call ended by exception
Traceback (most recent call last):
  File "/data/swe-fl/SRC/DebuggingAgent/src/run_debugging_test.py", line 17, in debugging_test_execution_wrapper
    wrapped_execute()
  File "/data/swe-fl/SRC/pysnooper_axel/dbgsnooper/dbgsnooper/tracer.py", line 335, in simple_wrapper
    return function(*args, **kwargs)
  File "/data/swe-fl/SRC/DebuggingAgent/src/run_debugging_test.py", line 15, in wrapped_execute
    runpy.run_path(test_path, run_name="__main__")
  File "/root/miniforge3/envs/sympy__sympy__1.7/lib/python3.9/runpy.py", line 288, in run_path
    return _run_module_code(code, init_globals, run_name,
  File "/root/miniforge3/envs/sympy__sympy__1.7/lib/python3.9/runpy.py", line 97, in _run_module_code
    _run_code(code, mod_globals, init_globals,
  File "/root/miniforge3/envs/sympy__sympy__1.7/lib/python3.9/runpy.py", line 87, in _run_code
    exec(code, run_globals)
  File "/data/swe-fl/TMP/testbed/sympy__sympy-19346/reproduce.py", line 29, in <module>
    main()
  File "/data/swe-fl/TMP/testbed/sympy__sympy-19346/reproduce.py", line 20, in main
    assert set_srepr == expected_set_srepr, f"Expected {expected_set_srepr}, got {set_srepr}"
AssertionError: Expected FiniteSet(Symbol('x'), Symbol('y')), got {y, x}



You need to trace the abnormal program behavior step by step to identify the root cause of the bug and locate the buggy method that contains the code to be fixed.
Now, please first analyze the current observed code and the abnormal program behavior. 

Then, if you can already locate the buggy method and buggy code, reply with:
Buggy method: `{FILE_PATH}:{METHOD_NAME}`
Otherwise, continue tracing by selecting the next method to observe. Reply with: 
Observed method: `{FILE_PATH}:{METHOD_NAME}`
Note that {FILE_PATH} refers to the path relative to the repository. And if you want to observe a method inside a class, please specify the class name and method name in the format of `ClassName.method_name` as METHOD_NAME.

